2026-07-18 00:00:01 [INFO] [CID:BATCH-001] Starting job daily-etl
2026-07-18 00:00:02 [INFO] [CID:BATCH-001] Connecting to database
2026-07-18 00:00:03 [DEBUG] [CID:BATCH-001] Connection pool size: 10
2026-07-18 00:00:05 [INFO] [CID:BATCH-001] Loading configuration from /etc/app/config.yaml
2026-07-18 00:00:06 [DEBUG] [CID:BATCH-001] Config loaded successfully
2026-07-18 00:00:10 [INFO] [CID:BATCH-001] Starting data extraction phase
2026-07-18 00:00:15 [INFO] [CID:BATCH-001] Extracted 15000 records from source_a
2026-07-18 00:00:20 [INFO] [CID:BATCH-001] Extracted 8200 records from source_b
  Continuation: source_b returned extra metadata
  Additional detail: schema version 3.2
2026-07-18 00:00:25 [WARN] [CID:BATCH-001] source_c responded slowly (3200ms)
2026-07-18 00:00:30 [INFO] [CID:BATCH-001] Extracted 4100 records from source_c
2026-07-18 00:00:35 [INFO] [CID:BATCH-001] Total records extracted: 27300
2026-07-18 00:00:40 [INFO] [CID:BATCH-001] Starting transformation phase
2026-07-18 00:00:45 [DEBUG] [CID:BATCH-001] Applying rule set: normalize_dates
2026-07-18 00:00:50 [DEBUG] [CID:BATCH-001] Applying rule set: deduplicate_keys
2026-07-18 00:00:55 [WARN] [CID:BATCH-001] 12 records had null primary keys — skipped
2026-07-18 00:01:00 [INFO] [CID:BATCH-001] Transformation complete: 27288 records
2026-07-18 00:01:05 [INFO] [CID:BATCH-001] Starting load phase
2026-07-18 00:01:10 [INFO] [CID:BATCH-001] Inserting batch 1/3 (9000 records)
2026-07-18 00:01:15 [INFO] [CID:BATCH-001] Inserting batch 2/3 (9000 records)
2026-07-18 00:01:20 [INFO] [CID:BATCH-001] Inserting batch 3/3 (9288 records)
2026-07-18 00:01:25 [INFO] [CID:BATCH-001] Load phase complete
2026-07-18 00:01:30 [INFO] [CID:BATCH-001] Running post-load validation
2026-07-18 00:01:35 [INFO] [CID:BATCH-001] Validation passed — row count matches
2026-07-18 00:01:40 [INFO] [CID:BATCH-001] Job completed SUCCESS
2026-07-18 02:00:01 [INFO] [CID:BATCH-002] Starting job report-gen
2026-07-18 02:00:05 [INFO] [CID:BATCH-002] Querying aggregated data
2026-07-18 02:00:10 [DEBUG] [CID:BATCH-002] Query plan: full table scan on dim_date
2026-07-18 02:00:15 [WARN] [CID:BATCH-002] Query took 4500ms — consider adding index
2026-07-18 02:00:20 [INFO] [CID:BATCH-002] Generating PDF report
2026-07-18 02:00:25 [INFO] [CID:BATCH-002] Report generated: /output/daily_report_20260718.pdf
2026-07-18 02:00:30 [INFO] [CID:BATCH-002] Sending report via email
2026-07-18 02:00:35 [ERROR] [CID:BATCH-002] SMTP connection timed out
  Stack trace: ConnectionError at smtp_client.py:142
  Caused by: socket.timeout after 30s
2026-07-18 02:00:40 [INFO] [CID:BATCH-002] Retrying email send (attempt 2/3)
2026-07-18 02:00:45 [INFO] [CID:BATCH-002] Email sent successfully on retry
2026-07-18 02:00:50 [INFO] [CID:BATCH-002] Job completed SUCCESS
2026-07-18 04:00:01 [INFO] [CID:BATCH-003] Starting job data-cleanup
2026-07-18 04:00:05 [INFO] [CID:BATCH-003] Scanning for expired records
2026-07-18 04:00:10 [INFO] [CID:BATCH-003] Found 3400 expired records
2026-07-18 04:00:15 [INFO] [CID:BATCH-003] Archiving to cold storage
2026-07-18 04:00:20 [WARN] [CID:BATCH-003] Cold storage bucket nearing capacity (87%)
2026-07-18 04:00:25 [INFO] [CID:BATCH-003] Archived 3400 records
2026-07-18 04:00:30 [INFO] [CID:BATCH-003] Deleting from hot storage
2026-07-18 04:00:35 [ERROR] [CID:BATCH-003] Foreign key constraint violation on table orders
  Detail: 14 records still referenced by active invoices
2026-07-18 04:00:40 [WARN] [CID:BATCH-003] Skipping 14 constrained records
2026-07-18 04:00:45 [INFO] [CID:BATCH-003] Deleted 3386 records from hot storage
2026-07-18 04:00:50 [INFO] [CID:BATCH-003] Job completed SUCCESS
